./module1/ressources/introduction_to_markdown_fr.org
./module1/ressources/introduction_to_markdown.org
./module1/ressources/sequence1_fr.org
./module1/ressources/sequence2_fr.org
./module1/ressources/sequence3_fr.org
./module1/ressources/sequence5_fr.org
./module1/ressources/sequence1.org
./module1/ressources/sequence2.org

./module2/ressources/maintaining_a_journal.org
./module2/ressources/jupyter_fr.org
./module2/ressources/rstudio_fr.org
./module2/ressources/gitlab_fr.org
./module2/ressources/emacs_orgmode_fr.org
./module2/ressources/jupyter.org
./module2/ressources/emacs_orgmode.org
./module2/ressources/maintaining_a_journal_fr.org
./module2/ressources/rstudio.org
./module2/ressources/gitlab.org
./module2/ressources/orgmode_examples/README.org
./module2/ressources/orgmode_examples/README_fr.org
./module2/exo4/stat_activity.org
./module2/slides/ressources_fr.org
./module2/slides/ressources.org
./module3/ressources/iso_date_format.org
./module3/ressources/iso_date_format_fr.org

./module3/ressources/influenza-like-illness-analysis-orgmode+R.org
./module3/ressources/influenza-like-illness-analysis-orgmode+Lisp+Python+R.org
./module3/ressources/influenza-like-illness-analysis-orgmode.org
./module3/ressources/analyse-syndrome-grippal-orgmode.org
./module3/ressources/analyse-syndrome-grippal-orgmode+R.org
./module3/ressources/analyse-syndrome-grippal-orgmode+Lisp+Python+R.org

./module4/ressources/resources_refs.org
./module4/ressources/resources_refs_fr.org
./module4/ressources/exo1.org
./module4/ressources/exo2.org
./module4/ressources/exo3.org
./module4/ressources/resources_environment.org
./module4/ressources/resources_environment_fr.org

./documents/notebooks/notebook_RStudio_SASmarkdown.md
./documents/tuto_git_gtlab/tuto_git_gitlab.md
./documents/tuto_rstudio_gitlab/tuto_rstudio_gitlab.md
./documents/tuto_magit/tuto_magit.md
./documents/tuto_emacs_windows/tuto_emacs_windows.md
./documents/tuto_jupyter_windows/tuto_jupyter_windows.md
