./module1/ressources/introduction_to_markdown_fr.org               #     https://www.fun-mooc.fr/courses/course-v1:inria+41016+self-paced/jump_to_id/ecbcbd8bfafd48e9a912f66237b76c92
./module1/ressources/introduction_to_markdown.org               #     https://www.fun-mooc.fr/courses/course-v1:inria+41016+self-paced/jump_to_id/ecbcbd8bfafd48e9a912f66237b76c92
./module1/ressources/sequence0_fr.org               #     https://www.fun-mooc.fr/courses/course-v1:inria+41016+self-paced/jump_to_id/a1b9841f7ff34f83a637c56897ac8439
./module1/ressources/sequence1_fr.org               #     https://www.fun-mooc.fr/courses/course-v1:inria+41016+self-paced/jump_to_id/9719a1f5b81a4f2d89c27e54ce81f498
./module1/ressources/sequence2_fr.org               #     https://www.fun-mooc.fr/courses/course-v1:inria+41016+self-paced/jump_to_id/565a72fe3c8b464f8ec3e31b56cd4c57
./module1/ressources/sequence3_fr.org               #     https://www.fun-mooc.fr/courses/course-v1:inria+41016+self-paced/jump_to_id/d85eb783ff884ff8b1306b680326b198
./module1/ressources/sequence4_fr.org               #     https://www.fun-mooc.fr/courses/course-v1:inria+41016+self-paced/jump_to_id/27b18e9ea3c14a77942eaa7cd00b8506
./module1/ressources/sequence5_fr.org               #     https://www.fun-mooc.fr/courses/course-v1:inria+41016+self-paced/jump_to_id/c96bfaf3804847a38d2a8850ee0baf54
./module1/ressources/sequence0.org               #     https://www.fun-mooc.fr/courses/course-v1:inria+41016+self-paced/jump_to_id/a1b9841f7ff34f83a637c56897ac8439
./module1/ressources/sequence1.org               #     https://www.fun-mooc.fr/courses/course-v1:inria+41016+self-paced/jump_to_id/9719a1f5b81a4f2d89c27e54ce81f498
./module1/ressources/sequence2.org               #     https://www.fun-mooc.fr/courses/course-v1:inria+41016+self-paced/jump_to_id/565a72fe3c8b464f8ec3e31b56cd4c57
./module1/ressources/sequence3.org               #     https://www.fun-mooc.fr/courses/course-v1:inria+41016+self-paced/jump_to_id/d85eb783ff884ff8b1306b680326b198
./module1/ressources/sequence4.org               #     https://www.fun-mooc.fr/courses/course-v1:inria+41016+self-paced/jump_to_id/27b18e9ea3c14a77942eaa7cd00b8506
./module1/ressources/sequence5.org               #     https://www.fun-mooc.fr/courses/course-v1:inria+41016+self-paced/jump_to_id/c96bfaf3804847a38d2a8850ee0baf54
./module1/ressources/gitlab_interface_fr.org               #     https://www.fun-mooc.fr/courses/course-v1:inria+41016+self-paced/jump_to_id/27b18e9ea3c14a77942eaa7cd00b8506
./module1/ressources/gitlab_interface.org               #     https://www.fun-mooc.fr/courses/course-v1:inria+41016+self-paced/jump_to_id/27b18e9ea3c14a77942eaa7cd00b8506
./module1/ressources/version_control_other_fr.org               #     https://www.fun-mooc.fr/courses/course-v1:inria+41016+self-paced/jump_to_id/27b18e9ea3c14a77942eaa7cd00b8506
./module1/ressources/version_control_other.org               #     https://www.fun-mooc.fr/courses/course-v1:inria+41016+self-paced/jump_to_id/27b18e9ea3c14a77942eaa7cd00b8506

./module1/ressources/InterviewJoelZaffran.org               #     https://www.fun-mooc.fr/courses/course-v1:inria+41016+self-paced/jump_to_id/4158e12691754dcca7fdf729647361e4
./module1/ressources/InterviewFrancoisPellegrini.org               #     https://www.fun-mooc.fr/courses/course-v1:inria+41016+self-paced/jump_to_id/62065b725a9b4b5ea3342ea1a035a032
./module1/ressources/InterviewValerieOrozcoChristopheBontemps.org               #     https://www.fun-mooc.fr/courses/course-v1:inria+41016+self-paced/jump_to_id/53a4f15ad6e143bf9056d05943f20052
./module1/ressources/ResearchTransparency_fr.org               #     https://www.fun-mooc.fr/courses/course-v1:inria+41016+self-paced/jump_to_id/ad899222989849fa96bb5d4dd3d178c3
./module1/ressources/SourcesAndBiblio_fr.org               #     https://www.fun-mooc.fr/courses/course-v1:inria+41016+self-paced/jump_to_id/63fabae2022c4abba5a24a74ca2d951f
./module1/ressources/TEIIntroduction_fr.org               #     https://www.fun-mooc.fr/courses/course-v1:inria+41016+self-paced/jump_to_id/4158e12691754dcca7fdf729647361e4

./module2/ressources/maintaining_a_journal.org               #     https://www.fun-mooc.fr/courses/course-v1:inria+41016+self-paced/jump_to_id/0af0b6bf03194c1bb2798c29d7375a76
./module2/ressources/maintaining_a_journal_fr.org               #     https://www.fun-mooc.fr/courses/course-v1:inria+41016+self-paced/jump_to_id/0af0b6bf03194c1bb2798c29d7375a76
./module2/ressources/jupyter.org               #     https://www.fun-mooc.fr/courses/course-v1:inria+41016+self-paced/jump_to_id/8dcce91be83c4ece834abfa98b8bbfb1
./module2/ressources/jupyter_fr.org               #     https://www.fun-mooc.fr/courses/course-v1:inria+41016+self-paced/jump_to_id/8dcce91be83c4ece834abfa98b8bbfb1
./module2/ressources/rstudio.org               #     https://www.fun-mooc.fr/courses/course-v1:inria+41016+self-paced/jump_to_id/09d339f009cd4b45a468583ab7730221
./module2/ressources/rstudio_fr.org               #     https://www.fun-mooc.fr/courses/course-v1:inria+41016+self-paced/jump_to_id/09d339f009cd4b45a468583ab7730221
./module2/ressources/rstudio-install-doc.org               #     https://www.fun-mooc.fr/courses/course-v1:inria+41016+self-paced/jump_to_id/09d339f009cd4b45a468583ab7730221
./module2/ressources/rstudio-install-doc_fr.org               #     https://www.fun-mooc.fr/courses/course-v1:inria+41016+self-paced/jump_to_id/09d339f009cd4b45a468583ab7730221
./module2/ressources/rstudio-git.org               #     https://www.fun-mooc.fr/courses/course-v1:inria+41016+self-paced/jump_to_id/09d339f009cd4b45a468583ab7730221
./module2/ressources/rstudio-git_fr.org               #     https://www.fun-mooc.fr/courses/course-v1:inria+41016+self-paced/jump_to_id/09d339f009cd4b45a468583ab7730221
./module2/ressources/gitlab.org               #     https://www.fun-mooc.fr/courses/course-v1:inria+41016+self-paced/jump_to_id/448cd6f9018545d1a67405551add6fda
./module2/ressources/gitlab_fr.org               #     https://www.fun-mooc.fr/courses/course-v1:inria+41016+self-paced/jump_to_id/448cd6f9018545d1a67405551add6fda
./module2/ressources/emacs_orgmode.org               #     https://www.fun-mooc.fr/courses/course-v1:inria+41016+self-paced/jump_to_id/954f94ce4f9a4d858d47b41793cc96c8
./module2/ressources/emacs_orgmode_fr.org               #     https://www.fun-mooc.fr/courses/course-v1:inria+41016+self-paced/jump_to_id/954f94ce4f9a4d858d47b41793cc96c8
./module2/ressources/emacs_newbie.org               #     https://www.fun-mooc.fr/courses/course-v1:inria+41016+self-paced/jump_to_id/b031e4067cf8410c86adbeba2f30c92f
./module2/ressources/emacs_newbie_fr.org               #     https://www.fun-mooc.fr/courses/course-v1:inria+41016+self-paced/jump_to_id/b031e4067cf8410c86adbeba2f30c92f
./module2/ressources/sequence6_examples/README.org               #     https://www.fun-mooc.fr/courses/course-v1:inria+41016+self-paced/jump_to_id/827b36e10ddd49239f1c62cc1903951a
./module2/ressources/sequence6_examples/README_fr.org               #     https://www.fun-mooc.fr/courses/course-v1:inria+41016+self-paced/jump_to_id/827b36e10ddd49239f1c62cc1903951a
./module2/ressources/python_r_latex.org               #     https://www.fun-mooc.fr/courses/course-v1:inria+41016+self-paced/jump_to_id/19c2b1de7766484bae73f3ab133463c6
./module2/ressources/python_r_latex_fr.org               #     https://www.fun-mooc.fr/courses/course-v1:inria+41016+self-paced/jump_to_id/19c2b1de7766484bae73f3ab133463c6
./module2/exo4/stat_activity.org               #     https://www.fun-mooc.fr/courses/course-v1:inria+41016+self-paced/jump_to_id/b52e4bd2198947a8b28b5e648184048c
./module2/exo4/stat_activity_fr.org               #     https://www.fun-mooc.fr/courses/course-v1:inria+41016+self-paced/jump_to_id/b52e4bd2198947a8b28b5e648184048c
./module2/slides/ressources_S1.org               #     https://www.fun-mooc.fr/courses/course-v1:inria+41016+self-paced/jump_to_id/48ea451c3ed047f5992cb1528dc9aad2
./module2/slides/ressources_S1_fr.org               #     https://www.fun-mooc.fr/courses/course-v1:inria+41016+self-paced/jump_to_id/48ea451c3ed047f5992cb1528dc9aad2
./module2/slides/ressources_S2.org               #      https://www.fun-mooc.fr/courses/course-v1:inria+41016+self-paced/jump_to_id/7db97e9e046743a7a581e370a26b8c1a
./module2/slides/ressources_S2_fr.org               #     https://www.fun-mooc.fr/courses/course-v1:inria+41016+self-paced/jump_to_id/7db97e9e046743a7a581e370a26b8c1a
./module2/slides/ressources_S5.org               #     https://www.fun-mooc.fr/courses/course-v1:inria+41016+self-paced/jump_to_id/6fe2237725c448e18e0f917f7ee96255
./module2/slides/ressources_S5_fr.org               #     https://www.fun-mooc.fr/courses/course-v1:inria+41016+self-paced/jump_to_id/6fe2237725c448e18e0f917f7ee96255
./module2/slides/ressources_S7.org               #     https://www.fun-mooc.fr/courses/course-v1:inria+41016+self-paced/jump_to_id/b957267a6c7240f7a0765a4b2863f3ce
./module2/slides/ressources_S7_fr.org               #     https://www.fun-mooc.fr/courses/course-v1:inria+41016+self-paced/jump_to_id/b957267a6c7240f7a0765a4b2863f3ce

./module3/ressources/iso_date_format.org               #     https://www.fun-mooc.fr/courses/course-v1:inria+41016+self-paced/jump_to_id/316fc24edc1b44278ada4ca531c705be
./module3/ressources/iso_date_format_fr.org               #     https://www.fun-mooc.fr/courses/course-v1:inria+41016+self-paced/jump_to_id/316fc24edc1b44278ada4ca531c705be
# ./module3/ressources/influenza-like-illness-analysis-orgmode+R.org               #     
# ./module3/ressources/influenza-like-illness-analysis-orgmode+Lisp+Python+R.org               #     
# ./module3/ressources/influenza-like-illness-analysis-orgmode.org               #     
# ./module3/ressources/analyse-syndrome-grippal-orgmode.org               #     
# ./module3/ressources/analyse-syndrome-grippal-orgmode+R.org               #     
# ./module3/ressources/analyse-syndrome-grippal-orgmode+Lisp+Python+R.org               #  


./module4/ressources/resources_refs.org               #     https://www.fun-mooc.fr/courses/course-v1:inria+41016+self-paced/jump_to_id/3c3c8cb2160d44e09a087b825beb92b8
./module4/ressources/resources_refs_fr.org               #     https://www.fun-mooc.fr/courses/course-v1:inria+41016+self-paced/jump_to_id/3c3c8cb2160d44e09a087b825beb92b8
./module4/ressources/exo1.org               #     
./module4/ressources/exo2.org               #     
./module4/ressources/exo3.org               #     
./module4/ressources/resources_environment.org               #     https://www.fun-mooc.fr/courses/course-v1:inria+41016+self-paced/jump_to_id/4be922aa6b8c471ab1addcdbddb4e487
./module4/ressources/resources_environment_fr.org               #     https://www.fun-mooc.fr/courses/course-v1:inria+41016+self-paced/jump_to_id/4be922aa6b8c471ab1addcdbddb4e487
